// Jest Snapshot v1, https://goo.gl/fbAQLP

exports[`should render homepage matching snapshot 1`] = `
<main
  className="pages__StyledMain-sc-106jlst-0 hQHdZO"
>
  <div
    className="logocomponent__StyledLogo-sc-8hsg5f-0 fKGdxL"
  >
    <svg
      data-testid="logo"
      fill="currentColor"
      height="5rem"
      stroke="currentColor"
      strokeWidth="0"
      style={
        Object {
          "color": undefined,
        }
      }
      viewBox="0 0 16 16"
      width="5rem"
      xmlns="http://www.w3.org/2000/svg"
    >
      <path
        d="M4 11a1 1 0 1 1 2 0v1a1 1 0 1 1-2 0v-1zm6-4a1 1 0 1 1 2 0v5a1 1 0 1 1-2 0V7zM7 9a1 1 0 0 1 2 0v3a1 1 0 1 1-2 0V9z"
      />
      <path
        d="M4 1.5H3a2 2 0 0 0-2 2V14a2 2 0 0 0 2 2h10a2 2 0 0 0 2-2V3.5a2 2 0 0 0-2-2h-1v1h1a1 1 0 0 1 1 1V14a1 1 0 0 1-1 1H3a1 1 0 0 1-1-1V3.5a1 1 0 0 1 1-1h1v-1z"
      />
      <path
        d="M9.5 1a.5.5 0 0 1 .5.5v1a.5.5 0 0 1-.5.5h-3a.5.5 0 0 1-.5-.5v-1a.5.5 0 0 1 .5-.5h3zm-3-1A1.5 1.5 0 0 0 5 1.5v1A1.5 1.5 0 0 0 6.5 4h3A1.5 1.5 0 0 0 11 2.5v-1A1.5 1.5 0 0 0 9.5 0h-3z"
      />
    </svg>
    <p
      className="logocomponent__StyledTitle-sc-8hsg5f-1 HycyR"
    >
       ZeroKanban 
    </p>
  </div>
  <div
    className="boardcomponent__StyledBoard-sc-kxdno6-0 gQlgEG"
    data-testid="board"
  >
    <h1>
       
      My first board
       
    </h1>
    <div
      className="boardcomponent__BoardActionContainer-sc-kxdno6-3 jqacy"
    >
      <button
        className="boardcomponent__IconButton-sc-kxdno6-4 dLTvke"
        onClick={[Function]}
      >
        <svg
          fill="currentColor"
          height="1.5rem"
          stroke="currentColor"
          strokeWidth="0"
          style={
            Object {
              "color": undefined,
            }
          }
          viewBox="0 0 24 24"
          width="1.5rem"
          xmlns="http://www.w3.org/2000/svg"
        >
          <path
            d="M0 0h24v24H0V0z"
            fill="none"
          />
          <path
            d="M10 18h4v-2h-4v2zM3 6v2h18V6H3zm3 7h12v-2H6v2z"
          />
        </svg>
      </button>
      <input
        className="boardcomponent__SearchCardsInput-sc-kxdno6-5 mlghi"
        onChange={[Function]}
        placeholder="Search cards by name"
        type="text"
        value=""
      />
    </div>
    <div
      className="boardcomponent__ColumnsContainer-sc-kxdno6-1 igicUn"
    >
      <div
        className="boardcomponent__ColumnContainer-sc-kxdno6-2 eBiCLF"
        data-rbd-droppable-context-id="0"
        data-rbd-droppable-id="backlog"
      >
        <div
          className="columncomponent__StyledColumn-sc-6j7h0r-0 brhrfM"
          data-testid="column"
        >
          <div
            className="columncomponent__ColumnHeader-sc-6j7h0r-3 dltPLn"
          >
            <p
              className="columncomponent__ColumnName-sc-6j7h0r-5 iHrZzn"
            >
               
              Backlog
               
            </p>
            <button
              className="columncomponent__AddCardButton-sc-6j7h0r-4 lyglS"
              onClick={[Function]}
            >
              <svg
                fill="currentColor"
                height="1.5rem"
                stroke="currentColor"
                strokeWidth="0"
                style={
                  Object {
                    "color": undefined,
                  }
                }
                viewBox="0 0 1024 1024"
                width="1.5rem"
                xmlns="http://www.w3.org/2000/svg"
              >
                <path
                  d="M696 480H544V328c0-4.4-3.6-8-8-8h-48c-4.4 0-8 3.6-8 8v152H328c-4.4 0-8 3.6-8 8v48c0 4.4 3.6 8 8 8h152v152c0 4.4 3.6 8 8 8h48c4.4 0 8-3.6 8-8V544h152c4.4 0 8-3.6 8-8v-48c0-4.4-3.6-8-8-8z"
                />
                <path
                  d="M512 64C264.6 64 64 264.6 64 512s200.6 448 448 448 448-200.6 448-448S759.4 64 512 64zm0 820c-205.4 0-372-166.6-372-372s166.6-372 372-372 372 166.6 372 372-166.6 372-372 372z"
                />
              </svg>
            </button>
          </div>
          <div
            className="columncomponent__CardsContainer-sc-6j7h0r-1 jepiqK"
          />
        </div>
        <div
          style={
            Object {
              "display": "none",
            }
          }
        />
      </div>
      <div
        className="boardcomponent__ColumnContainer-sc-kxdno6-2 eBiCLF"
        data-rbd-droppable-context-id="0"
        data-rbd-droppable-id="todo"
      >
        <div
          className="columncomponent__StyledColumn-sc-6j7h0r-0 brhrfM"
          data-testid="column"
        >
          <div
            className="columncomponent__ColumnHeader-sc-6j7h0r-3 dltPLn"
          >
            <p
              className="columncomponent__ColumnName-sc-6j7h0r-5 iHrZzn"
            >
               
              To do
               
            </p>
            <button
              className="columncomponent__AddCardButton-sc-6j7h0r-4 lyglS"
              onClick={[Function]}
            >
              <svg
                fill="currentColor"
                height="1.5rem"
                stroke="currentColor"
                strokeWidth="0"
                style={
                  Object {
                    "color": undefined,
                  }
                }
                viewBox="0 0 1024 1024"
                width="1.5rem"
                xmlns="http://www.w3.org/2000/svg"
              >
                <path
                  d="M696 480H544V328c0-4.4-3.6-8-8-8h-48c-4.4 0-8 3.6-8 8v152H328c-4.4 0-8 3.6-8 8v48c0 4.4 3.6 8 8 8h152v152c0 4.4 3.6 8 8 8h48c4.4 0 8-3.6 8-8V544h152c4.4 0 8-3.6 8-8v-48c0-4.4-3.6-8-8-8z"
                />
                <path
                  d="M512 64C264.6 64 64 264.6 64 512s200.6 448 448 448 448-200.6 448-448S759.4 64 512 64zm0 820c-205.4 0-372-166.6-372-372s166.6-372 372-372 372 166.6 372 372-166.6 372-372 372z"
                />
              </svg>
            </button>
          </div>
          <div
            className="columncomponent__CardsContainer-sc-6j7h0r-1 jepiqK"
          />
        </div>
        <div
          style={
            Object {
              "display": "none",
            }
          }
        />
      </div>
      <div
        className="boardcomponent__ColumnContainer-sc-kxdno6-2 eBiCLF"
        data-rbd-droppable-context-id="0"
        data-rbd-droppable-id="doing"
      >
        <div
          className="columncomponent__StyledColumn-sc-6j7h0r-0 brhrfM"
          data-testid="column"
        >
          <div
            className="columncomponent__ColumnHeader-sc-6j7h0r-3 dltPLn"
          >
            <p
              className="columncomponent__ColumnName-sc-6j7h0r-5 iHrZzn"
            >
               
              Doing
               
            </p>
            <button
              className="columncomponent__AddCardButton-sc-6j7h0r-4 lyglS"
              onClick={[Function]}
            >
              <svg
                fill="currentColor"
                height="1.5rem"
                stroke="currentColor"
                strokeWidth="0"
                style={
                  Object {
                    "color": undefined,
                  }
                }
                viewBox="0 0 1024 1024"
                width="1.5rem"
                xmlns="http://www.w3.org/2000/svg"
              >
                <path
                  d="M696 480H544V328c0-4.4-3.6-8-8-8h-48c-4.4 0-8 3.6-8 8v152H328c-4.4 0-8 3.6-8 8v48c0 4.4 3.6 8 8 8h152v152c0 4.4 3.6 8 8 8h48c4.4 0 8-3.6 8-8V544h152c4.4 0 8-3.6 8-8v-48c0-4.4-3.6-8-8-8z"
                />
                <path
                  d="M512 64C264.6 64 64 264.6 64 512s200.6 448 448 448 448-200.6 448-448S759.4 64 512 64zm0 820c-205.4 0-372-166.6-372-372s166.6-372 372-372 372 166.6 372 372-166.6 372-372 372z"
                />
              </svg>
            </button>
          </div>
          <div
            className="columncomponent__CardsContainer-sc-6j7h0r-1 jepiqK"
          />
        </div>
        <div
          style={
            Object {
              "display": "none",
            }
          }
        />
      </div>
      <div
        className="boardcomponent__ColumnContainer-sc-kxdno6-2 eBiCLF"
        data-rbd-droppable-context-id="0"
        data-rbd-droppable-id="testing"
      >
        <div
          className="columncomponent__StyledColumn-sc-6j7h0r-0 brhrfM"
          data-testid="column"
        >
          <div
            className="columncomponent__ColumnHeader-sc-6j7h0r-3 dltPLn"
          >
            <p
              className="columncomponent__ColumnName-sc-6j7h0r-5 iHrZzn"
            >
               
              Testing
               
            </p>
            <button
              className="columncomponent__AddCardButton-sc-6j7h0r-4 lyglS"
              onClick={[Function]}
            >
              <svg
                fill="currentColor"
                height="1.5rem"
                stroke="currentColor"
                strokeWidth="0"
                style={
                  Object {
                    "color": undefined,
                  }
                }
                viewBox="0 0 1024 1024"
                width="1.5rem"
                xmlns="http://www.w3.org/2000/svg"
              >
                <path
                  d="M696 480H544V328c0-4.4-3.6-8-8-8h-48c-4.4 0-8 3.6-8 8v152H328c-4.4 0-8 3.6-8 8v48c0 4.4 3.6 8 8 8h152v152c0 4.4 3.6 8 8 8h48c4.4 0 8-3.6 8-8V544h152c4.4 0 8-3.6 8-8v-48c0-4.4-3.6-8-8-8z"
                />
                <path
                  d="M512 64C264.6 64 64 264.6 64 512s200.6 448 448 448 448-200.6 448-448S759.4 64 512 64zm0 820c-205.4 0-372-166.6-372-372s166.6-372 372-372 372 166.6 372 372-166.6 372-372 372z"
                />
              </svg>
            </button>
          </div>
          <div
            className="columncomponent__CardsContainer-sc-6j7h0r-1 jepiqK"
          />
        </div>
        <div
          style={
            Object {
              "display": "none",
            }
          }
        />
      </div>
      <div
        className="boardcomponent__ColumnContainer-sc-kxdno6-2 eBiCLF"
        data-rbd-droppable-context-id="0"
        data-rbd-droppable-id="done"
      >
        <div
          className="columncomponent__StyledColumn-sc-6j7h0r-0 brhrfM"
          data-testid="column"
        >
          <div
            className="columncomponent__ColumnHeader-sc-6j7h0r-3 dltPLn"
          >
            <p
              className="columncomponent__ColumnName-sc-6j7h0r-5 iHrZzn"
            >
               
              Done
               
            </p>
            <button
              className="columncomponent__AddCardButton-sc-6j7h0r-4 lyglS"
              onClick={[Function]}
            >
              <svg
                fill="currentColor"
                height="1.5rem"
                stroke="currentColor"
                strokeWidth="0"
                style={
                  Object {
                    "color": undefined,
                  }
                }
                viewBox="0 0 1024 1024"
                width="1.5rem"
                xmlns="http://www.w3.org/2000/svg"
              >
                <path
                  d="M696 480H544V328c0-4.4-3.6-8-8-8h-48c-4.4 0-8 3.6-8 8v152H328c-4.4 0-8 3.6-8 8v48c0 4.4 3.6 8 8 8h152v152c0 4.4 3.6 8 8 8h48c4.4 0 8-3.6 8-8V544h152c4.4 0 8-3.6 8-8v-48c0-4.4-3.6-8-8-8z"
                />
                <path
                  d="M512 64C264.6 64 64 264.6 64 512s200.6 448 448 448 448-200.6 448-448S759.4 64 512 64zm0 820c-205.4 0-372-166.6-372-372s166.6-372 372-372 372 166.6 372 372-166.6 372-372 372z"
                />
              </svg>
            </button>
          </div>
          <div
            className="columncomponent__CardsContainer-sc-6j7h0r-1 jepiqK"
          />
        </div>
        <div
          style={
            Object {
              "display": "none",
            }
          }
        />
      </div>
    </div>
  </div>
</main>
`;
